2023-11-28 09:32:45.056  INFO 3859 --- [main] com.aes.erp.AesErp                       : Starting AesErp using Java 17.0.1 on farhana-Aspire-A514-54 with PID 3859 (/home/ataur387/IdeaProjects/cwh-vms/target/classes started by ataur387 in /home/ataur387/IdeaProjects/cwh-vms)
2023-11-28 09:32:45.065  INFO 3859 --- [main] com.aes.erp.AesErp                       : No active profile set, falling back to 1 default profile: "default"
2023-11-28 09:32:45.933  INFO 3859 --- [main] .s.d.r.c.RepositoryConfigurationDelegate : Bootstrapping Spring Data JPA repositories in DEFAULT mode.
2023-11-28 09:32:46.071  INFO 3859 --- [main] .s.d.r.c.RepositoryConfigurationDelegate : Finished Spring Data repository scanning in 131 ms. Found 42 JPA repository interfaces.
2023-11-28 09:32:46.666  INFO 3859 --- [main] o.s.b.w.embedded.tomcat.TomcatWebServer  : Tomcat initialized with port(s): 8080 (http)
2023-11-28 09:32:46.676  INFO 3859 --- [main] o.apache.catalina.core.StandardService   : Starting service [Tomcat]
2023-11-28 09:32:46.676  INFO 3859 --- [main] org.apache.catalina.core.StandardEngine  : Starting Servlet engine: [Apache Tomcat/9.0.63]
2023-11-28 09:32:46.774  INFO 3859 --- [main] o.a.c.c.C.[Tomcat].[localhost].[/]       : Initializing Spring embedded WebApplicationContext
2023-11-28 09:32:46.775  INFO 3859 --- [main] w.s.c.ServletWebServerApplicationContext : Root WebApplicationContext: initialization completed in 1674 ms
2023-11-28 09:32:46.824  WARN 3859 --- [main] JpaBaseConfiguration$JpaWebConfiguration : spring.jpa.open-in-view is enabled by default. Therefore, database queries may be performed during view rendering. Explicitly configure spring.jpa.open-in-view to disable this warning
2023-11-28 09:32:46.852 DEBUG 3859 --- [main] com.zaxxer.hikari.HikariConfig           : Driver class com.mysql.cj.jdbc.Driver found in Thread context class loader TomcatEmbeddedWebappClassLoader
  context: ROOT
  delegate: true
----------> Parent Classloader:
jdk.internal.loader.ClassLoaders$AppClassLoader@251a69d7

2023-11-28 09:32:46.967  INFO 3859 --- [main] o.hibernate.jpa.internal.util.LogHelper  : HHH000204: Processing PersistenceUnitInfo [name: default]
2023-11-28 09:32:47.023  INFO 3859 --- [main] org.hibernate.Version                    : HHH000412: Hibernate ORM core version 5.6.9.Final
2023-11-28 09:32:47.190  INFO 3859 --- [main] o.hibernate.annotations.common.Version   : HCANN000001: Hibernate Commons Annotations {5.1.2.Final}
2023-11-28 09:32:47.262 DEBUG 3859 --- [main] com.zaxxer.hikari.HikariConfig           : SpringBootJPAHikariCP - configuration:
2023-11-28 09:32:47.264 DEBUG 3859 --- [main] com.zaxxer.hikari.HikariConfig           : allowPoolSuspension................................false
2023-11-28 09:32:47.265 DEBUG 3859 --- [main] com.zaxxer.hikari.HikariConfig           : autoCommit................................true
2023-11-28 09:32:47.265 DEBUG 3859 --- [main] com.zaxxer.hikari.HikariConfig           : catalog................................none
2023-11-28 09:32:47.265 DEBUG 3859 --- [main] com.zaxxer.hikari.HikariConfig           : connectionInitSql................................none
2023-11-28 09:32:47.265 DEBUG 3859 --- [main] com.zaxxer.hikari.HikariConfig           : connectionTestQuery................................none
2023-11-28 09:32:47.265 DEBUG 3859 --- [main] com.zaxxer.hikari.HikariConfig           : connectionTimeout................................30000
2023-11-28 09:32:47.265 DEBUG 3859 --- [main] com.zaxxer.hikari.HikariConfig           : dataSource................................none
2023-11-28 09:32:47.265 DEBUG 3859 --- [main] com.zaxxer.hikari.HikariConfig           : dataSourceClassName................................none
2023-11-28 09:32:47.265 DEBUG 3859 --- [main] com.zaxxer.hikari.HikariConfig           : dataSourceJNDI................................none
2023-11-28 09:32:47.266 DEBUG 3859 --- [main] com.zaxxer.hikari.HikariConfig           : dataSourceProperties................................{password=<masked>}
2023-11-28 09:32:47.266 DEBUG 3859 --- [main] com.zaxxer.hikari.HikariConfig           : driverClassName................................"com.mysql.cj.jdbc.Driver"
2023-11-28 09:32:47.266 DEBUG 3859 --- [main] com.zaxxer.hikari.HikariConfig           : exceptionOverrideClassName................................none
2023-11-28 09:32:47.266 DEBUG 3859 --- [main] com.zaxxer.hikari.HikariConfig           : healthCheckProperties................................{}
2023-11-28 09:32:47.266 DEBUG 3859 --- [main] com.zaxxer.hikari.HikariConfig           : healthCheckRegistry................................none
2023-11-28 09:32:47.266 DEBUG 3859 --- [main] com.zaxxer.hikari.HikariConfig           : idleTimeout................................30000
2023-11-28 09:32:47.266 DEBUG 3859 --- [main] com.zaxxer.hikari.HikariConfig           : initializationFailTimeout................................1
2023-11-28 09:32:47.267 DEBUG 3859 --- [main] com.zaxxer.hikari.HikariConfig           : isolateInternalQueries................................false
2023-11-28 09:32:47.267 DEBUG 3859 --- [main] com.zaxxer.hikari.HikariConfig           : jdbcUrl................................jdbc:mysql://172.17.17.75:3306/central_warehouse?useUnicode=yes&characterEncoding=UTF-8&characterSetResults=UTF-8
2023-11-28 09:32:47.267 DEBUG 3859 --- [main] com.zaxxer.hikari.HikariConfig           : keepaliveTime................................0
2023-11-28 09:32:47.267 DEBUG 3859 --- [main] com.zaxxer.hikari.HikariConfig           : leakDetectionThreshold................................0
2023-11-28 09:32:47.267 DEBUG 3859 --- [main] com.zaxxer.hikari.HikariConfig           : maxLifetime................................2000000
2023-11-28 09:32:47.267 DEBUG 3859 --- [main] com.zaxxer.hikari.HikariConfig           : maximumPoolSize................................15
2023-11-28 09:32:47.267 DEBUG 3859 --- [main] com.zaxxer.hikari.HikariConfig           : metricRegistry................................none
2023-11-28 09:32:47.267 DEBUG 3859 --- [main] com.zaxxer.hikari.HikariConfig           : metricsTrackerFactory................................none
2023-11-28 09:32:47.267 DEBUG 3859 --- [main] com.zaxxer.hikari.HikariConfig           : minimumIdle................................1
2023-11-28 09:32:47.267 DEBUG 3859 --- [main] com.zaxxer.hikari.HikariConfig           : password................................<masked>
2023-11-28 09:32:47.267 DEBUG 3859 --- [main] com.zaxxer.hikari.HikariConfig           : poolName................................"SpringBootJPAHikariCP"
2023-11-28 09:32:47.268 DEBUG 3859 --- [main] com.zaxxer.hikari.HikariConfig           : readOnly................................false
2023-11-28 09:32:47.268 DEBUG 3859 --- [main] com.zaxxer.hikari.HikariConfig           : registerMbeans................................false
2023-11-28 09:32:47.268 DEBUG 3859 --- [main] com.zaxxer.hikari.HikariConfig           : scheduledExecutor................................none
2023-11-28 09:32:47.268 DEBUG 3859 --- [main] com.zaxxer.hikari.HikariConfig           : schema................................none
2023-11-28 09:32:47.268 DEBUG 3859 --- [main] com.zaxxer.hikari.HikariConfig           : threadFactory................................internal
2023-11-28 09:32:47.268 DEBUG 3859 --- [main] com.zaxxer.hikari.HikariConfig           : transactionIsolation................................default
2023-11-28 09:32:47.268 DEBUG 3859 --- [main] com.zaxxer.hikari.HikariConfig           : username................................"root"
2023-11-28 09:32:47.269 DEBUG 3859 --- [main] com.zaxxer.hikari.HikariConfig           : validationTimeout................................5000
2023-11-28 09:32:47.269  INFO 3859 --- [main] com.zaxxer.hikari.HikariDataSource       : SpringBootJPAHikariCP - Starting...
2023-11-28 09:32:47.611  INFO 3859 --- [main] com.zaxxer.hikari.HikariDataSource       : SpringBootJPAHikariCP - Start completed.
2023-11-28 09:32:47.625  INFO 3859 --- [main] org.hibernate.dialect.Dialect            : HHH000400: Using dialect: org.hibernate.dialect.MySQL8Dialect
2023-11-28 09:32:49.325  INFO 3859 --- [main] o.h.e.t.j.p.i.JtaPlatformInitiator       : HHH000490: Using JtaPlatform implementation: [org.hibernate.engine.transaction.jta.platform.internal.NoJtaPlatform]
2023-11-28 09:32:49.332  INFO 3859 --- [main] j.LocalContainerEntityManagerFactoryBean : Initialized JPA EntityManagerFactory for persistence unit 'default'
2023-11-28 09:32:52.447  WARN 3859 --- [main] o.s.s.c.a.web.builders.WebSecurity       : You are asking Spring Security to ignore Ant [pattern='/**', OPTIONS]. This is not recommended -- please use permitAll via HttpSecurity#authorizeHttpRequests instead.
2023-11-28 09:32:52.448  INFO 3859 --- [main] o.s.s.web.DefaultSecurityFilterChain     : Will not secure Ant [pattern='/**', OPTIONS]
2023-11-28 09:32:52.483  INFO 3859 --- [main] pertySourcedRequestMappingHandlerMapping : Mapped URL path [/v2/api-docs] onto method [springfox.documentation.swagger2.web.Swagger2Controller#getDocumentation(String, HttpServletRequest)]
2023-11-28 09:32:52.539  INFO 3859 --- [main] o.s.s.web.DefaultSecurityFilterChain     : Will secure any request with [org.springframework.security.web.session.DisableEncodeUrlFilter@2ca6937, org.springframework.security.web.context.request.async.WebAsyncManagerIntegrationFilter@42908ad5, org.springframework.security.web.context.SecurityContextPersistenceFilter@473e0536, org.springframework.security.web.header.HeaderWriterFilter@46b376bb, org.springframework.web.filter.CorsFilter@27777afd, org.springframework.security.web.authentication.logout.LogoutFilter@707b0b9b, com.aes.erp.authentication.filter.JwtRequestFilter@58e0f079, org.springframework.security.web.savedrequest.RequestCacheAwareFilter@2110b756, org.springframework.security.web.servletapi.SecurityContextHolderAwareRequestFilter@105c253a, org.springframework.security.web.authentication.AnonymousAuthenticationFilter@22e7ec5f, org.springframework.security.web.session.SessionManagementFilter@627b5e5b, org.springframework.security.web.access.ExceptionTranslationFilter@25e95d04, org.springframework.security.web.access.intercept.FilterSecurityInterceptor@76527a00]
2023-11-28 09:32:52.868  INFO 3859 --- [main] o.s.b.w.embedded.tomcat.TomcatWebServer  : Tomcat started on port(s): 8080 (http) with context path ''
2023-11-28 09:32:52.872  INFO 3859 --- [main] d.s.w.p.DocumentationPluginsBootstrapper : Context refreshed
2023-11-28 09:32:52.899  INFO 3859 --- [main] d.s.w.p.DocumentationPluginsBootstrapper : Found 1 custom documentation plugin(s)
2023-11-28 09:32:53.037  INFO 3859 --- [main] s.d.s.w.s.ApiListingReferenceScanner     : Scanning for api listing references
2023-11-28 09:32:53.256  INFO 3859 --- [main] .d.s.w.r.o.CachingOperationNameGenerator : Generating unique operation named: getApprovalPanelUsingGET_1
2023-11-28 09:32:53.358  INFO 3859 --- [main] .d.s.w.r.o.CachingOperationNameGenerator : Generating unique operation named: demandReceiveUsingPOST_1
2023-11-28 09:32:53.491  INFO 3859 --- [main] .d.s.w.r.o.CachingOperationNameGenerator : Generating unique operation named: getNextIdUsingGET_1
2023-11-28 09:32:53.517  INFO 3859 --- [main] .d.s.w.r.o.CachingOperationNameGenerator : Generating unique operation named: getItemsUsingGET_1
2023-11-28 09:32:53.519  INFO 3859 --- [main] .d.s.w.r.o.CachingOperationNameGenerator : Generating unique operation named: getNextIdUsingGET_2
2023-11-28 09:32:53.594  INFO 3859 --- [main] .d.s.w.r.o.CachingOperationNameGenerator : Generating unique operation named: addIndentUsingPOST_1
2023-11-28 09:32:53.596  INFO 3859 --- [main] .d.s.w.r.o.CachingOperationNameGenerator : Generating unique operation named: getIndentsUsingGET_1
2023-11-28 09:32:53.713  INFO 3859 --- [main] .d.s.w.r.o.CachingOperationNameGenerator : Generating unique operation named: getAllVendorTypesUsingGET_1
2023-11-28 09:32:53.745  INFO 3859 --- [main] com.aes.erp.AesErp                       : Started AesErp in 9.007 seconds (JVM running for 9.827)
